// Jest Snapshot v1, https://goo.gl/fbAQLP

exports[`UsersTable.vue renders props when passed 1`] = `
<div class="container">
  <div class="v-card v-sheet theme--light">
    <div class="v-card__title">
      <div class="v-input v-input--hide-details theme--light v-text-field v-text-field--single-line">
        <div class="v-input__control">
          <div class="v-input__slot">
            <div class="v-text-field__slot"><label for="input-3" class="v-label theme--light" style="left: 0px; position: absolute;">Search</label><input id="input-3" type="text"></div>
            <div class="v-input__append-inner">
              <div class="v-input__icon v-input__icon--append"><i aria-hidden="true" class="v-icon notranslate mdi mdi-magnify theme--light"></i></div>
            </div>
          </div>
        </div>
      </div>
    </div>
    <div class="v-data-table v-data-table--has-top v-data-table--has-bottom theme--light">
      <header class="v-sheet theme--light v-toolbar v-toolbar--flat" style="height: 64px;">
        <div class="v-toolbar__content" style="height: 64px;">
          <div class="v-toolbar__title">Users Infos</div>
          <hr role="separator" aria-orientation="vertical" class="mx-4 v-divider v-divider--inset v-divider--vertical theme--light">
          <div class="spacer"></div>
          <div role="dialog" class="v-dialog__container"><button type="button" class="mb-2 v-btn v-btn--is-elevated v-btn--has-bg theme--dark v-size--default primary" role="button" aria-haspopup="true" aria-expanded="false"><span class="v-btn__content">
                Add User
              </span></button>
            <!---->
          </div>
          <div role="dialog" class="v-dialog__container">
            <!---->
          </div>
        </div>
      </header>
      <div class="v-data-table__wrapper">
        <table>
          <colgroup>
            <col class="">
            <col class="">
            <col class="">
            <col class="">
            <col class="">
          </colgroup>
          <thead class="v-data-table-header">
            <tr>
              <th role="columnheader" scope="col" aria-label="ID: Not sorted. Activate to sort ascending." aria-sort="none" class="text-start sortable"><span>ID</span><i aria-hidden="true" class="v-icon notranslate v-data-table-header__icon mdi mdi-arrow-up theme--light" style="font-size: 18px;"></i></th>
              <th role="columnheader" scope="col" aria-label="First Name: Not sorted. Activate to sort ascending." aria-sort="none" class="text-start sortable"><span>First Name</span><i aria-hidden="true" class="v-icon notranslate v-data-table-header__icon mdi mdi-arrow-up theme--light" style="font-size: 18px;"></i></th>
              <th role="columnheader" scope="col" aria-label="Last Name: Not sorted. Activate to sort ascending." aria-sort="none" class="text-start sortable"><span>Last Name</span><i aria-hidden="true" class="v-icon notranslate v-data-table-header__icon mdi mdi-arrow-up theme--light" style="font-size: 18px;"></i></th>
              <th role="columnheader" scope="col" aria-label="Email: Not sorted. Activate to sort ascending." aria-sort="none" class="text-start sortable"><span>Email</span><i aria-hidden="true" class="v-icon notranslate v-data-table-header__icon mdi mdi-arrow-up theme--light" style="font-size: 18px;"></i></th>
              <th role="columnheader" scope="col" aria-label="Actions" class="text-start"><span>Actions</span></th>
            </tr>
          </thead>
          <tbody>
            <tr class="">
              <td class="text-start">123</td>
              <td class="text-start">saber</td>
              <td class="text-start">Guirat</td>
              <td class="text-start">saber.guirat92@gmail.com</td>
              <td class="text-start"><button type="button" class="v-icon notranslate mr-2 v-icon--link mdi mdi-pencil theme--light" style="font-size: 16px;"></button> <button type="button" class="v-icon notranslate v-icon--link mdi mdi-delete theme--light" style="font-size: 16px;"></button></td>
            </tr>
          </tbody>
        </table>
      </div>
      <div class="v-data-footer">
        <div class="v-data-footer__select">Rows per page:<div class="v-input v-input--hide-details v-input--is-label-active v-input--is-dirty theme--light v-text-field v-select">
            <div class="v-input__control">
              <div role="button" aria-haspopup="listbox" aria-expanded="false" aria-owns="list-21" class="v-input__slot">
                <div class="v-select__slot">
                  <div class="v-select__selections">
                    <div class="v-select__selection v-select__selection--comma">10</div><input aria-label="Rows per page:" id="input-21" readonly="readonly" type="text" aria-readonly="false" autocomplete="off">
                  </div>
                  <div class="v-input__append-inner">
                    <div class="v-input__icon v-input__icon--append"><i aria-hidden="true" class="v-icon notranslate mdi mdi-menu-down theme--light"></i></div>
                  </div><input type="hidden" value="10">
                </div>
                <div class="v-menu">
                  <!---->
                </div>
              </div>
            </div>
          </div>
        </div>
        <div class="v-data-footer__pagination">1-1 of 1</div>
        <div class="v-data-footer__icons-before"><button type="button" disabled="disabled" class="v-btn v-btn--disabled v-btn--icon v-btn--round v-btn--text theme--light v-size--default" aria-label="Previous page"><span class="v-btn__content"><i aria-hidden="true" class="v-icon notranslate mdi mdi-chevron-left theme--light"></i></span></button></div>
        <div class="v-data-footer__icons-after"><button type="button" disabled="disabled" class="v-btn v-btn--disabled v-btn--icon v-btn--round v-btn--text theme--light v-size--default" aria-label="Next page"><span class="v-btn__content"><i aria-hidden="true" class="v-icon notranslate mdi mdi-chevron-right theme--light"></i></span></button></div>
      </div>
    </div>
  </div>
</div>
`;
